// Jest Snapshot v1, https://goo.gl/fbAQLP

exports[`should render ExpensusDataDelete 1`] = `
<Fragment>
  <div
    className="component"
  >
    <h2
      className="heading-secondary"
    >
      <FontAwesomeIcon
        border={false}
        className="fa-icon"
        fixedWidth={false}
        flip={null}
        icon={
          Object {
            "icon": Array [
              576,
              512,
              Array [],
              "f071",
              "M569.517 440.013C587.975 472.007 564.806 512 527.94 512H48.054c-36.937 0-59.999-40.055-41.577-71.987L246.423 23.985c18.467-32.009 64.72-31.951 83.154 0l239.94 416.028zM288 354c-25.405 0-46 20.595-46 46s20.595 46 46 46 46-20.595 46-46-20.595-46-46-46zm-43.673-165.346l7.418 136c.347 6.364 5.609 11.346 11.982 11.346h48.546c6.373 0 11.635-4.982 11.982-11.346l7.418-136c.375-6.874-5.098-12.654-11.982-12.654h-63.383c-6.884 0-12.356 5.78-11.981 12.654z",
            ],
            "iconName": "exclamation-triangle",
            "prefix": "fas",
          }
        }
        inverse={false}
        listItem={false}
        mask={null}
        pull={null}
        pulse={false}
        rotation={null}
        size={null}
        spin={false}
        swapOpacity={false}
        symbol={false}
        title=""
        transform={null}
      />
       
      Delete Data
    </h2>
    <p
      className="component__message"
    >
      Note: This action is irreversible and will delete all Expensus's data relating to your account permanently.
    </p>
    <div
      className="component__content"
    >
      <button
        aria-label="Delete your data on Expensus permanently"
        className="component__delete-btn"
        onClick={[Function]}
      >
        <FontAwesomeIcon
          border={false}
          className="component__illustration component__illustration--delete"
          fixedWidth={false}
          flip={null}
          icon={
            Object {
              "icon": Array [
                448,
                512,
                Array [],
                "f2ed",
                "M268 416h24a12 12 0 0 0 12-12V188a12 12 0 0 0-12-12h-24a12 12 0 0 0-12 12v216a12 12 0 0 0 12 12zM432 80h-82.41l-34-56.7A48 48 0 0 0 274.41 0H173.59a48 48 0 0 0-41.16 23.3L98.41 80H16A16 16 0 0 0 0 96v16a16 16 0 0 0 16 16h16v336a48 48 0 0 0 48 48h288a48 48 0 0 0 48-48V128h16a16 16 0 0 0 16-16V96a16 16 0 0 0-16-16zM171.84 50.91A6 6 0 0 1 177 48h94a6 6 0 0 1 5.15 2.91L293.61 80H154.39zM368 464H80V128h288zm-212-48h24a12 12 0 0 0 12-12V188a12 12 0 0 0-12-12h-24a12 12 0 0 0-12 12v216a12 12 0 0 0 12 12z",
              ],
              "iconName": "trash-alt",
              "prefix": "far",
            }
          }
          inverse={false}
          listItem={false}
          mask={null}
          pull={null}
          pulse={false}
          rotation={null}
          size={null}
          spin={false}
          swapOpacity={false}
          symbol={false}
          title=""
          transform={null}
        />
      </button>
    </div>
  </div>
  <ConfirmationModal
    actionButtonLabel="Delete"
    cancelModalSelection={[Function]}
    handleModalAction={[Function]}
    modalDescription="Are you sure you want to delete all of your data on Expensus?"
    modalSelected={false}
    modalTitle="Delete Data"
  />
</Fragment>
`;
