// Jest Snapshot v1, https://goo.gl/fbAQLP

exports[`should render expensus dashboard page correctly 1`] = `
<main
  className="main-content"
>
  <Connect(ExpensesSummary) />
  <Connect(ExpenseListFilters) />
  <ExpenseList />
  <ExpenseChart />
</main>
`;
