// Jest Snapshot v1, https://goo.gl/fbAQLP

exports[`should render Header correctly 1`] = `
<Fragment>
  <header
    className="header"
  >
    <div
      aria-label="Expand Sidebar"
      className="header__icon"
      onClick={[Function]}
      role="button"
    >
      <FontAwesomeIcon
        border={false}
        className="fa-icon"
        fixedWidth={false}
        flip={null}
        icon={
          Object {
            "icon": Array [
              448,
              512,
              Array [],
              "f0c9",
              "M16 132h416c8.837 0 16-7.163 16-16V76c0-8.837-7.163-16-16-16H16C7.163 60 0 67.163 0 76v40c0 8.837 7.163 16 16 16zm0 160h416c8.837 0 16-7.163 16-16v-40c0-8.837-7.163-16-16-16H16c-8.837 0-16 7.163-16 16v40c0 8.837 7.163 16 16 16zm0 160h416c8.837 0 16-7.163 16-16v-40c0-8.837-7.163-16-16-16H16c-8.837 0-16 7.163-16 16v40c0 8.837 7.163 16 16 16z",
            ],
            "iconName": "bars",
            "prefix": "fas",
          }
        }
        inverse={false}
        listItem={false}
        mask={null}
        pull={null}
        pulse={false}
        rotation={null}
        size={null}
        spin={false}
        swapOpacity={false}
        symbol={false}
        title=""
        transform={null}
      />
    </div>
    <div
      className="header__center"
    >
      <div
        className="header__title"
      >
        <h1>
          <NavLink
            activeClassName="nav-is-active"
            to="/dashboard"
          >
            Dashboard
          </NavLink>
          <NavLink
            activeClassName="nav-is-active"
            to="/create"
          >
            Add Expense
          </NavLink>
          <NavLink
            activeClassName="nav-is-active"
            to="/edit"
          >
            Edit Expense
          </NavLink>
          <NavLink
            activeClassName="nav-is-active"
            to="/currency"
          >
            Currency
          </NavLink>
          <NavLink
            activeClassName="nav-is-active"
            to="/data"
          >
            Data
          </NavLink>
        </h1>
      </div>
    </div>
    <div
      className="header__right"
    >
      <div
        className="user-info"
      >
        <div
          className="user-info__wrapper"
        >
          <img
            alt="User Avatar"
            height="50"
            src="SvgrURL"
            width="50"
          />
          <div
            className="user-info__details"
          />
        </div>
      </div>
    </div>
  </header>
  <div
    aria-label="Close Sidebar Overlay"
    className="sidebar__overlay--close"
    onClick={[Function]}
  />
</Fragment>
`;
