// Jest Snapshot v1, https://goo.gl/fbAQLP

exports[`should render LayoutLoadingPage correctly 1`] = `
<div
  className="layout-container"
>
  <Layout />
  <main
    className="main-content"
  >
    <LoadingPage />
  </main>
</div>
`;
