// Jest Snapshot v1, https://goo.gl/fbAQLP

exports[`should render NotFoundPage correctly 1`] = `
<div>
  <h2>
    Page Not Found.
  </h2>
  <p>
    Sorry, but the page you were trying to view does not exist. Let's â€”
     
    <Link
      to="/"
    >
      Go home
    </Link>
  </p>
</div>
`;
